[INFO] Scanning for projects...
[INFO] 
[INFO] ---------------------< com.farming:rental-system >----------------------
[INFO] Building Farming Equipment Rental System 1.0.0
[INFO]   from pom.xml
[INFO] --------------------------------[ jar ]---------------------------------
[INFO] 
[INFO] --- resources:3.3.1:resources (default-resources) @ rental-system ---
[INFO] Copying 1 resource from src\main\resources to target\classes
[INFO] Copying 0 resource from src\main\resources to target\classes
[INFO] 
[INFO] --- compiler:3.10.1:compile (default-compile) @ rental-system ---
[INFO] Nothing to compile - all classes are up to date
[INFO] ------------------------------------------------------------------------
[INFO] BUILD SUCCESS
[INFO] ------------------------------------------------------------------------
[INFO] Total time:  1.983 s
[INFO] Finished at: 2026-03-01T16:01:29+05:30
[INFO] ------------------------------------------------------------------------
